{
   "testTrue": true,
   "testFalse": false,
   "testAll": false,
   "testAsyncTrue": true,
   "testAsyncFalse": false,
   "executableTrue": true,
   "executableFalse": false
}